{'Title': 'Pipeline running'}
