{'Title': 'Pipeline running'}
{'Info': 'End Computation'}
